// Jest Snapshot v1, https://goo.gl/fbAQLP

exports[`<App /> it should render App 1`] = `
<div>
  <h1>
    React+Redux Boilerplate
  </h1>
</div>
`;
